C:\Neeraj\backup\tech\systematicinv\iron-condor\venv\Scripts\python.exe C:\Neeraj\backup\tech\systematicinv\iron-condor\strategy_stock_put_spread.py
2026-07-13 21:56:44.633112
2026-07-13 21:56:44.633112  ================================================================================
2026-07-13 21:56:44.633112  Scanner_Put_Spread.py
2026-07-13 21:56:44.633112  ================================================================================
2026-07-13 21:56:44.633112
2026-07-13 21:56:44.633112    Backtest end date: 2026-05-11
2026-07-13 21:56:46.063992  S&P 500 change events change events loaded: 302
2026-07-13 21:56:46.064990  Current tickers: 578
2026-07-13 21:56:46.064990   Loading stock price data from 2022-06-01, delta_days=1439 for 578 tickers...
2026-07-13 22:00:10.103183 578 end download
2026-07-13 22:00:10.103183    ✓ Loaded 578 tickers
2026-07-13 22:00:22.497704
2026-07-13 22:00:22.497704  ================================================================================
2026-07-13 22:00:22.497704  RUNNING 10-YEAR (PUT SPREAD ON STOCKS)
2026-07-13 22:00:22.497704  ================================================================================
2026-07-13 22:00:22.497704
  Period:       2022-06-01 to 2026-05-11
  Strategy:    Stock Put Spread  (wing $10, 60 DTE)
  Entry:       Day after earnings, EMA(20) up, RSI slope > 0.5
  Support:     20-day rolling low, strike increment $5.0
  Profit target: 15%  Stop: 2.0x credit
  Capital:
  Exits:       50% profit, 10 DTE smart exit, 2x stop  (gap-aware)

2026-07-13 22:00:24.226168    Running backtest...
[X] Series has 17 rows but indicator requires at least 20. Returning None.
2026-07-13 22:24:06.243098    Complete!


================================================================================
PUT SPREAD ON STOCKS
================================================================================

  TRADE STATISTICS
  ------------------------------------------------------------
    Total Trades:           681
    Monday Entries:         681
    Re-entry Trades:        0
    Winning Trades:         623
    Losing Trades:          58
    Win Rate:               91.5%
    Skipped (VIX > -1):     0
    Skipped (DUP_EXP):      989
    Skipped (CREDIT < > 0.5):   877
    Skipped (NOT_IN_UNIV):  110

  EXIT REASONS
  ------------------------------------------------------------
    Profit Target                        622 ( 91.3%)
    Stop Loss                             46 (  6.8%)
    Expiration                            10 (  1.5%)
    End of Backtest                        3 (  0.4%)

  PROFIT & LOSS
  ------------------------------------------------------------
    Total P&L:              $6,608.90
    Gross Profit:           $26,739.91
    Gross Loss:             $-20,131.01
    Profit Factor:          1.33
    Avg Win:                $42.92
    Avg Loss:               $-347.09
    Max Drawdown:           $3,932.74

  CAPITAL ANALYSIS
  ------------------------------------------------------------
    Avg Credit/Trade:       $1.42 (incl. rolls)
    Margin per Contract:    $858.24
    Peak Observed:          24  ( matches observed peak)
    Annual P&L:             $1,677.49


  YEARLY BREAKDOWN
  ------------------------------------------------------------
    Year   Trades   Wins   Win%     Rolls    P&L            ROC
    ------ -------- ------ -------- -------- -------------- ----------
    2022   86       84     97.7   % 0        $   2,351.33     11.4%
    2023   110      100    90.9   % 0        $     570.82      2.5%
    2024   171      156    91.2   % 0        $   2,252.91      9.6%
    2025   218      197    90.4   % 0        $     869.89      3.4%
    2026   96       86     89.6   % 0        $     563.96      2.1%

2026-07-13 22:24:06.243098
2026-07-13 22:24:06.243098  ================================================================================
2026-07-13 22:24:06.243098  FINAL SUMMARY - BACKTEST  (PUT SPREAD ON STOCKS)
2026-07-13 22:24:06.243098  ================================================================================
2026-07-13 22:24:06.243098
  +------------------------------------------------------------+
  |      CAPITAL INVESTED:                  $20,598            |
  |         TOTAL P&L :                      $6,609            |
  |    TOTAL RETURN (4 yrs):                 32.1%             |
  |         ANNUAL P&L:                      $1,677            |
  |         ANNUAL ROC:                       7.3%             |
  |          WIN RATE:                       91.5%             |
  |        PROFIT FACTOR:                     1.33             |
  |   TOTAL ROLLS (PUT/CALL):                 0/0              |
  +------------------------------------------------------------+

2026-07-13 22:24:06.271232    Trades exported to: C:\Neeraj\backup\tech\systematicinv\iron-condor\outputs\Stock_Put_Spread_Backtest.csv

Process finished with exit code 0
